// Jest Snapshot v1, https://goo.gl/fbAQLP

exports[`LoadingModule should test that component is not changed unintentionally 1`] = `
<div
  className="not-found"
>
  <span
    className="not-found__content"
  >
    Error 404: Page not found
  </span>
</div>
`;
